Archive member included to satisfy reference by file (symbol)

c:/program files (x86)/atmel/studio/7.0/toolchain/avr8/avr8-gnu-toolchain/bin/../lib/gcc/avr/5.4.0/avr5\libgcc.a(_exit.o)
                              C:/Program Files (x86)/Atmel/Studio/7.0/Packs/atmel/ATmega_DFP/1.7.374/gcc/dev/atmega32a/avr5/crtatmega32a.o (exit)
c:/program files (x86)/atmel/studio/7.0/toolchain/avr8/avr8-gnu-toolchain/bin/../lib/gcc/avr/5.4.0/avr5\libgcc.a(_tablejump2.o)
                              _7_SEGMENT.o (__tablejump2__)
c:/program files (x86)/atmel/studio/7.0/toolchain/avr8/avr8-gnu-toolchain/bin/../lib/gcc/avr/5.4.0/avr5\libgcc.a(_copy_data.o)
                              _7amok4a_moves.o (__do_copy_data)
c:/program files (x86)/atmel/studio/7.0/toolchain/avr8/avr8-gnu-toolchain/bin/../lib/gcc/avr/5.4.0/avr5\libgcc.a(_clear_bss.o)
                              _7amok4a_moves.o (__do_clear_bss)

Discarded input sections

 .data          0x00000000        0x0 C:/Program Files (x86)/Atmel/Studio/7.0/Packs/atmel/ATmega_DFP/1.7.374/gcc/dev/atmega32a/avr5/crtatmega32a.o
 .bss           0x00000000        0x0 C:/Program Files (x86)/Atmel/Studio/7.0/Packs/atmel/ATmega_DFP/1.7.374/gcc/dev/atmega32a/avr5/crtatmega32a.o
 .text          0x00000000        0x0 DIO_program.o
 .data          0x00000000        0x0 DIO_program.o
 .bss           0x00000000        0x0 DIO_program.o
 .text          0x00000000        0x0 Hello_LCD_7amok4a_main.o
 .data          0x00000000        0x0 Hello_LCD_7amok4a_main.o
 .bss           0x00000000        0x0 Hello_LCD_7amok4a_main.o
 .text          0x00000000        0x0 LCD_program.o
 .data          0x00000000        0x0 LCD_program.o
 .bss           0x00000000        0x0 LCD_program.o
 .text          0x00000000        0x0 _7amok4a_moves.o
 .data          0x00000000        0x0 _7amok4a_moves.o
 .bss           0x00000000        0x0 _7amok4a_moves.o
 .text          0x00000000        0x0 _7_SEGMENT.o
 .data          0x00000000        0x0 _7_SEGMENT.o
 .bss           0x00000000        0x0 _7_SEGMENT.o
 .text.HAL_udtInit7Segment
                0x00000000       0x40 _7_SEGMENT.o
 .text.HAL_udtSet7Segment
                0x00000000      0x1d0 _7_SEGMENT.o
 .progmem.gcc_sw_table.HAL_udtSet7Segment
                0x00000000       0x14 _7_SEGMENT.o
 .debug_info    0x00000000      0x627 _7_SEGMENT.o
 .debug_abbrev  0x00000000       0xb6 _7_SEGMENT.o
 .debug_loc     0x00000000      0x24a _7_SEGMENT.o
 .debug_aranges
                0x00000000       0x28 _7_SEGMENT.o
 .debug_ranges  0x00000000       0x18 _7_SEGMENT.o
 .debug_line    0x00000000      0x161 _7_SEGMENT.o
 .debug_str     0x00000000      0x202 _7_SEGMENT.o
 .comment       0x00000000       0x31 _7_SEGMENT.o
 .debug_frame   0x00000000       0x34 _7_SEGMENT.o
 .text          0x00000000        0x0 c:/program files (x86)/atmel/studio/7.0/toolchain/avr8/avr8-gnu-toolchain/bin/../lib/gcc/avr/5.4.0/avr5\libgcc.a(_exit.o)
 .data          0x00000000        0x0 c:/program files (x86)/atmel/studio/7.0/toolchain/avr8/avr8-gnu-toolchain/bin/../lib/gcc/avr/5.4.0/avr5\libgcc.a(_exit.o)
 .bss           0x00000000        0x0 c:/program files (x86)/atmel/studio/7.0/toolchain/avr8/avr8-gnu-toolchain/bin/../lib/gcc/avr/5.4.0/avr5\libgcc.a(_exit.o)
 .text.libgcc.mul
                0x00000000        0x0 c:/program files (x86)/atmel/studio/7.0/toolchain/avr8/avr8-gnu-toolchain/bin/../lib/gcc/avr/5.4.0/avr5\libgcc.a(_exit.o)
 .text.libgcc.div
                0x00000000        0x0 c:/program files (x86)/atmel/studio/7.0/toolchain/avr8/avr8-gnu-toolchain/bin/../lib/gcc/avr/5.4.0/avr5\libgcc.a(_exit.o)
 .text.libgcc   0x00000000        0x0 c:/program files (x86)/atmel/studio/7.0/toolchain/avr8/avr8-gnu-toolchain/bin/../lib/gcc/avr/5.4.0/avr5\libgcc.a(_exit.o)
 .text.libgcc.prologue
                0x00000000        0x0 c:/program files (x86)/atmel/studio/7.0/toolchain/avr8/avr8-gnu-toolchain/bin/../lib/gcc/avr/5.4.0/avr5\libgcc.a(_exit.o)
 .text.libgcc.builtins
                0x00000000        0x0 c:/program files (x86)/atmel/studio/7.0/toolchain/avr8/avr8-gnu-toolchain/bin/../lib/gcc/avr/5.4.0/avr5\libgcc.a(_exit.o)
 .text.libgcc.fmul
                0x00000000        0x0 c:/program files (x86)/atmel/studio/7.0/toolchain/avr8/avr8-gnu-toolchain/bin/../lib/gcc/avr/5.4.0/avr5\libgcc.a(_exit.o)
 .text.libgcc.fixed
                0x00000000        0x0 c:/program files (x86)/atmel/studio/7.0/toolchain/avr8/avr8-gnu-toolchain/bin/../lib/gcc/avr/5.4.0/avr5\libgcc.a(_exit.o)
 .text          0x00000000        0x0 c:/program files (x86)/atmel/studio/7.0/toolchain/avr8/avr8-gnu-toolchain/bin/../lib/gcc/avr/5.4.0/avr5\libgcc.a(_tablejump2.o)
 .data          0x00000000        0x0 c:/program files (x86)/atmel/studio/7.0/toolchain/avr8/avr8-gnu-toolchain/bin/../lib/gcc/avr/5.4.0/avr5\libgcc.a(_tablejump2.o)
 .bss           0x00000000        0x0 c:/program files (x86)/atmel/studio/7.0/toolchain/avr8/avr8-gnu-toolchain/bin/../lib/gcc/avr/5.4.0/avr5\libgcc.a(_tablejump2.o)
 .text.libgcc.mul
                0x00000000        0x0 c:/program files (x86)/atmel/studio/7.0/toolchain/avr8/avr8-gnu-toolchain/bin/../lib/gcc/avr/5.4.0/avr5\libgcc.a(_tablejump2.o)
 .text.libgcc.div
                0x00000000        0x0 c:/program files (x86)/atmel/studio/7.0/toolchain/avr8/avr8-gnu-toolchain/bin/../lib/gcc/avr/5.4.0/avr5\libgcc.a(_tablejump2.o)
 .text.libgcc   0x00000000        0xc c:/program files (x86)/atmel/studio/7.0/toolchain/avr8/avr8-gnu-toolchain/bin/../lib/gcc/avr/5.4.0/avr5\libgcc.a(_tablejump2.o)
 .text.libgcc.prologue
                0x00000000        0x0 c:/program files (x86)/atmel/studio/7.0/toolchain/avr8/avr8-gnu-toolchain/bin/../lib/gcc/avr/5.4.0/avr5\libgcc.a(_tablejump2.o)
 .text.libgcc.builtins
                0x00000000        0x0 c:/program files (x86)/atmel/studio/7.0/toolchain/avr8/avr8-gnu-toolchain/bin/../lib/gcc/avr/5.4.0/avr5\libgcc.a(_tablejump2.o)
 .text.libgcc.fmul
                0x00000000        0x0 c:/program files (x86)/atmel/studio/7.0/toolchain/avr8/avr8-gnu-toolchain/bin/../lib/gcc/avr/5.4.0/avr5\libgcc.a(_tablejump2.o)
 .text.libgcc.fixed
                0x00000000        0x0 c:/program files (x86)/atmel/studio/7.0/toolchain/avr8/avr8-gnu-toolchain/bin/../lib/gcc/avr/5.4.0/avr5\libgcc.a(_tablejump2.o)
 .text          0x00000000        0x0 c:/program files (x86)/atmel/studio/7.0/toolchain/avr8/avr8-gnu-toolchain/bin/../lib/gcc/avr/5.4.0/avr5\libgcc.a(_copy_data.o)
 .data          0x00000000        0x0 c:/program files (x86)/atmel/studio/7.0/toolchain/avr8/avr8-gnu-toolchain/bin/../lib/gcc/avr/5.4.0/avr5\libgcc.a(_copy_data.o)
 .bss           0x00000000        0x0 c:/program files (x86)/atmel/studio/7.0/toolchain/avr8/avr8-gnu-toolchain/bin/../lib/gcc/avr/5.4.0/avr5\libgcc.a(_copy_data.o)
 .text.libgcc.mul
                0x00000000        0x0 c:/program files (x86)/atmel/studio/7.0/toolchain/avr8/avr8-gnu-toolchain/bin/../lib/gcc/avr/5.4.0/avr5\libgcc.a(_copy_data.o)
 .text.libgcc.div
                0x00000000        0x0 c:/program files (x86)/atmel/studio/7.0/toolchain/avr8/avr8-gnu-toolchain/bin/../lib/gcc/avr/5.4.0/avr5\libgcc.a(_copy_data.o)
 .text.libgcc   0x00000000        0x0 c:/program files (x86)/atmel/studio/7.0/toolchain/avr8/avr8-gnu-toolchain/bin/../lib/gcc/avr/5.4.0/avr5\libgcc.a(_copy_data.o)
 .text.libgcc.prologue
                0x00000000        0x0 c:/program files (x86)/atmel/studio/7.0/toolchain/avr8/avr8-gnu-toolchain/bin/../lib/gcc/avr/5.4.0/avr5\libgcc.a(_copy_data.o)
 .text.libgcc.builtins
                0x00000000        0x0 c:/program files (x86)/atmel/studio/7.0/toolchain/avr8/avr8-gnu-toolchain/bin/../lib/gcc/avr/5.4.0/avr5\libgcc.a(_copy_data.o)
 .text.libgcc.fmul
                0x00000000        0x0 c:/program files (x86)/atmel/studio/7.0/toolchain/avr8/avr8-gnu-toolchain/bin/../lib/gcc/avr/5.4.0/avr5\libgcc.a(_copy_data.o)
 .text.libgcc.fixed
                0x00000000        0x0 c:/program files (x86)/atmel/studio/7.0/toolchain/avr8/avr8-gnu-toolchain/bin/../lib/gcc/avr/5.4.0/avr5\libgcc.a(_copy_data.o)
 .text          0x00000000        0x0 c:/program files (x86)/atmel/studio/7.0/toolchain/avr8/avr8-gnu-toolchain/bin/../lib/gcc/avr/5.4.0/avr5\libgcc.a(_clear_bss.o)
 .data          0x00000000        0x0 c:/program files (x86)/atmel/studio/7.0/toolchain/avr8/avr8-gnu-toolchain/bin/../lib/gcc/avr/5.4.0/avr5\libgcc.a(_clear_bss.o)
 .bss           0x00000000        0x0 c:/program files (x86)/atmel/studio/7.0/toolchain/avr8/avr8-gnu-toolchain/bin/../lib/gcc/avr/5.4.0/avr5\libgcc.a(_clear_bss.o)
 .text.libgcc.mul
                0x00000000        0x0 c:/program files (x86)/atmel/studio/7.0/toolchain/avr8/avr8-gnu-toolchain/bin/../lib/gcc/avr/5.4.0/avr5\libgcc.a(_clear_bss.o)
 .text.libgcc.div
                0x00000000        0x0 c:/program files (x86)/atmel/studio/7.0/toolchain/avr8/avr8-gnu-toolchain/bin/../lib/gcc/avr/5.4.0/avr5\libgcc.a(_clear_bss.o)
 .text.libgcc   0x00000000        0x0 c:/program files (x86)/atmel/studio/7.0/toolchain/avr8/avr8-gnu-toolchain/bin/../lib/gcc/avr/5.4.0/avr5\libgcc.a(_clear_bss.o)
 .text.libgcc.prologue
                0x00000000        0x0 c:/program files (x86)/atmel/studio/7.0/toolchain/avr8/avr8-gnu-toolchain/bin/../lib/gcc/avr/5.4.0/avr5\libgcc.a(_clear_bss.o)
 .text.libgcc.builtins
                0x00000000        0x0 c:/program files (x86)/atmel/studio/7.0/toolchain/avr8/avr8-gnu-toolchain/bin/../lib/gcc/avr/5.4.0/avr5\libgcc.a(_clear_bss.o)
 .text.libgcc.fmul
                0x00000000        0x0 c:/program files (x86)/atmel/studio/7.0/toolchain/avr8/avr8-gnu-toolchain/bin/../lib/gcc/avr/5.4.0/avr5\libgcc.a(_clear_bss.o)
 .text.libgcc.fixed
                0x00000000        0x0 c:/program files (x86)/atmel/studio/7.0/toolchain/avr8/avr8-gnu-toolchain/bin/../lib/gcc/avr/5.4.0/avr5\libgcc.a(_clear_bss.o)

Memory Configuration

Name             Origin             Length             Attributes
text             0x00000000         0x00008000         xr
data             0x00800060         0x00000800         rw !x
eeprom           0x00810000         0x00000400         rw !x
fuse             0x00820000         0x00000002         rw !x
lock             0x00830000         0x00000400         rw !x
signature        0x00840000         0x00000400         rw !x
user_signatures  0x00850000         0x00000400         rw !x
*default*        0x00000000         0xffffffff

Linker script and memory map

LOAD C:/Program Files (x86)/Atmel/Studio/7.0/Packs/atmel/ATmega_DFP/1.7.374/gcc/dev/atmega32a/avr5/crtatmega32a.o
LOAD DIO_program.o
LOAD Hello_LCD_7amok4a_main.o
LOAD LCD_program.o
LOAD _7amok4a_moves.o
LOAD _7_SEGMENT.o
START GROUP
LOAD c:/program files (x86)/atmel/studio/7.0/toolchain/avr8/avr8-gnu-toolchain/bin/../lib/gcc/avr/5.4.0/../../../../avr/lib/avr5\libm.a
END GROUP
START GROUP
LOAD c:/program files (x86)/atmel/studio/7.0/toolchain/avr8/avr8-gnu-toolchain/bin/../lib/gcc/avr/5.4.0/avr5\libgcc.a
LOAD c:/program files (x86)/atmel/studio/7.0/toolchain/avr8/avr8-gnu-toolchain/bin/../lib/gcc/avr/5.4.0/../../../../avr/lib/avr5\libm.a
LOAD c:/program files (x86)/atmel/studio/7.0/toolchain/avr8/avr8-gnu-toolchain/bin/../lib/gcc/avr/5.4.0/../../../../avr/lib/avr5\libc.a
LOAD C:/Program Files (x86)/Atmel/Studio/7.0/Packs/atmel/ATmega_DFP/1.7.374/gcc/dev/atmega32a/avr5\libatmega32a.a
END GROUP
                [0x00000000]                __TEXT_REGION_ORIGIN__ = DEFINED (__TEXT_REGION_ORIGIN__)?__TEXT_REGION_ORIGIN__:0x0
                [0x00800060]                __DATA_REGION_ORIGIN__ = DEFINED (__DATA_REGION_ORIGIN__)?__DATA_REGION_ORIGIN__:0x800060
                [0x00008000]                __TEXT_REGION_LENGTH__ = DEFINED (__TEXT_REGION_LENGTH__)?__TEXT_REGION_LENGTH__:0x20000
                [0x00000800]                __DATA_REGION_LENGTH__ = DEFINED (__DATA_REGION_LENGTH__)?__DATA_REGION_LENGTH__:0xffa0
                [0x00000400]                __EEPROM_REGION_LENGTH__ = DEFINED (__EEPROM_REGION_LENGTH__)?__EEPROM_REGION_LENGTH__:0x10000
                [0x00000002]                __FUSE_REGION_LENGTH__ = DEFINED (__FUSE_REGION_LENGTH__)?__FUSE_REGION_LENGTH__:0x400
                0x00000400                __LOCK_REGION_LENGTH__ = DEFINED (__LOCK_REGION_LENGTH__)?__LOCK_REGION_LENGTH__:0x400
                0x00000400                __SIGNATURE_REGION_LENGTH__ = DEFINED (__SIGNATURE_REGION_LENGTH__)?__SIGNATURE_REGION_LENGTH__:0x400
                0x00000400                __USER_SIGNATURE_REGION_LENGTH__ = DEFINED (__USER_SIGNATURE_REGION_LENGTH__)?__USER_SIGNATURE_REGION_LENGTH__:0x400

.hash
 *(.hash)

.dynsym
 *(.dynsym)

.dynstr
 *(.dynstr)

.gnu.version
 *(.gnu.version)

.gnu.version_d
 *(.gnu.version_d)

.gnu.version_r
 *(.gnu.version_r)

.rel.init
 *(.rel.init)

.rela.init
 *(.rela.init)

.rel.text
 *(.rel.text)
 *(.rel.text.*)
 *(.rel.gnu.linkonce.t*)

.rela.text
 *(.rela.text)
 *(.rela.text.*)
 *(.rela.gnu.linkonce.t*)

.rel.fini
 *(.rel.fini)

.rela.fini
 *(.rela.fini)

.rel.rodata
 *(.rel.rodata)
 *(.rel.rodata.*)
 *(.rel.gnu.linkonce.r*)

.rela.rodata
 *(.rela.rodata)
 *(.rela.rodata.*)
 *(.rela.gnu.linkonce.r*)

.rel.data
 *(.rel.data)
 *(.rel.data.*)
 *(.rel.gnu.linkonce.d*)

.rela.data
 *(.rela.data)
 *(.rela.data.*)
 *(.rela.gnu.linkonce.d*)

.rel.ctors
 *(.rel.ctors)

.rela.ctors
 *(.rela.ctors)

.rel.dtors
 *(.rel.dtors)

.rela.dtors
 *(.rela.dtors)

.rel.got
 *(.rel.got)

.rela.got
 *(.rela.got)

.rel.bss
 *(.rel.bss)

.rela.bss
 *(.rela.bss)

.rel.plt
 *(.rel.plt)

.rela.plt
 *(.rela.plt)

.text           0x00000000      0xab2
 *(.vectors)
 .vectors       0x00000000       0x54 C:/Program Files (x86)/Atmel/Studio/7.0/Packs/atmel/ATmega_DFP/1.7.374/gcc/dev/atmega32a/avr5/crtatmega32a.o
                0x00000000                __vector_default
                0x00000000                __vectors
 *(.vectors)
 *(.progmem.gcc*)
                0x00000054                . = ALIGN (0x2)
                0x00000054                __trampolines_start = .
 *(.trampolines)
 .trampolines   0x00000054        0x0 linker stubs
 *(.trampolines*)
                0x00000054                __trampolines_end = .
 *libprintf_flt.a:*(.progmem.data)
 *libc.a:*(.progmem.data)
 *(.progmem*)
                0x00000054                . = ALIGN (0x2)
 *(.jumptables)
 *(.jumptables*)
 *(.lowtext)
 *(.lowtext*)
                0x00000054                __ctors_start = .
 *(.ctors)
                0x00000054                __ctors_end = .
                0x00000054                __dtors_start = .
 *(.dtors)
                0x00000054                __dtors_end = .
 SORT(*)(.ctors)
 SORT(*)(.dtors)
 *(.init0)
 .init0         0x00000054        0x0 C:/Program Files (x86)/Atmel/Studio/7.0/Packs/atmel/ATmega_DFP/1.7.374/gcc/dev/atmega32a/avr5/crtatmega32a.o
                0x00000054                __init
 *(.init0)
 *(.init1)
 *(.init1)
 *(.init2)
 .init2         0x00000054        0xc C:/Program Files (x86)/Atmel/Studio/7.0/Packs/atmel/ATmega_DFP/1.7.374/gcc/dev/atmega32a/avr5/crtatmega32a.o
 *(.init2)
 *(.init3)
 *(.init3)
 *(.init4)
 .init4         0x00000060       0x16 c:/program files (x86)/atmel/studio/7.0/toolchain/avr8/avr8-gnu-toolchain/bin/../lib/gcc/avr/5.4.0/avr5\libgcc.a(_copy_data.o)
                0x00000060                __do_copy_data
 .init4         0x00000076       0x10 c:/program files (x86)/atmel/studio/7.0/toolchain/avr8/avr8-gnu-toolchain/bin/../lib/gcc/avr/5.4.0/avr5\libgcc.a(_clear_bss.o)
                0x00000076                __do_clear_bss
 *(.init4)
 *(.init5)
 *(.init5)
 *(.init6)
 *(.init6)
 *(.init7)
 *(.init7)
 *(.init8)
 *(.init8)
 *(.init9)
 .init9         0x00000086        0x8 C:/Program Files (x86)/Atmel/Studio/7.0/Packs/atmel/ATmega_DFP/1.7.374/gcc/dev/atmega32a/avr5/crtatmega32a.o
 *(.init9)
 *(.text)
 .text          0x0000008e        0x4 C:/Program Files (x86)/Atmel/Studio/7.0/Packs/atmel/ATmega_DFP/1.7.374/gcc/dev/atmega32a/avr5/crtatmega32a.o
                0x0000008e                __vector_1
                0x0000008e                __vector_12
                0x0000008e                __bad_interrupt
                0x0000008e                __vector_6
                0x0000008e                __vector_3
                0x0000008e                __vector_11
                0x0000008e                __vector_13
                0x0000008e                __vector_17
                0x0000008e                __vector_19
                0x0000008e                __vector_7
                0x0000008e                __vector_5
                0x0000008e                __vector_4
                0x0000008e                __vector_9
                0x0000008e                __vector_2
                0x0000008e                __vector_15
                0x0000008e                __vector_8
                0x0000008e                __vector_14
                0x0000008e                __vector_10
                0x0000008e                __vector_16
                0x0000008e                __vector_18
                0x0000008e                __vector_20
                0x00000092                . = ALIGN (0x2)
 *(.text.*)
 .text.DIO_udtSetPinDirection
                0x00000092       0xfc DIO_program.o
                0x00000092                DIO_udtSetPinDirection
 .text.DIO_udtSetPinValue
                0x0000018e       0xfc DIO_program.o
                0x0000018e                DIO_udtSetPinValue
 .text.DIO_udtGetPinValue
                0x0000028a       0x74 DIO_program.o
                0x0000028a                DIO_udtGetPinValue
 .text.main     0x000002fe       0xbe Hello_LCD_7amok4a_main.o
                0x000002fe                main
 .text.LCD_vidSendCommand
                0x000003bc       0x78 LCD_program.o
                0x000003bc                LCD_vidSendCommand
 .text.LCD_vidSendData
                0x00000434       0x78 LCD_program.o
                0x00000434                LCD_vidSendData
 .text.LCD_vidInit
                0x000004ac       0x66 LCD_program.o
                0x000004ac                LCD_vidInit
 .text.LCD_vidPrint
                0x00000512       0x26 LCD_program.o
                0x00000512                LCD_vidPrint
 .text.LCD_vidGoTo
                0x00000538       0x1c LCD_program.o
                0x00000538                LCD_vidGoTo
 .text.LCD_udtSpecialChar
                0x00000554       0x56 LCD_program.o
                0x00000554                LCD_udtSpecialChar
 .text.moveY    0x000005aa       0x14 _7amok4a_moves.o
                0x000005aa                moveY
 .text.return_to_init_pos
                0x000005be        0xe _7amok4a_moves.o
                0x000005be                return_to_init_pos
 .text._7amok4a_run
                0x000005cc       0x78 _7amok4a_moves.o
                0x000005cc                _7amok4a_run
 .text._7amok4a_hi
                0x00000644       0xb0 _7amok4a_moves.o
                0x00000644                _7amok4a_hi
 .text._7amok4a_print_choices
                0x000006f4       0x98 _7amok4a_moves.o
                0x000006f4                _7amok4a_print_choices
 .text._7amok4a_dance
                0x0000078c      0x13c _7amok4a_moves.o
                0x0000078c                _7amok4a_dance
 .text._7amok4a_die
                0x000008c8      0x1e6 _7amok4a_moves.o
                0x000008c8                _7amok4a_die
                0x00000aae                . = ALIGN (0x2)
 *(.fini9)
 .fini9         0x00000aae        0x0 c:/program files (x86)/atmel/studio/7.0/toolchain/avr8/avr8-gnu-toolchain/bin/../lib/gcc/avr/5.4.0/avr5\libgcc.a(_exit.o)
                0x00000aae                _exit
                0x00000aae                exit
 *(.fini9)
 *(.fini8)
 *(.fini8)
 *(.fini7)
 *(.fini7)
 *(.fini6)
 *(.fini6)
 *(.fini5)
 *(.fini5)
 *(.fini4)
 *(.fini4)
 *(.fini3)
 *(.fini3)
 *(.fini2)
 *(.fini2)
 *(.fini1)
 *(.fini1)
 *(.fini0)
 .fini0         0x00000aae        0x4 c:/program files (x86)/atmel/studio/7.0/toolchain/avr8/avr8-gnu-toolchain/bin/../lib/gcc/avr/5.4.0/avr5\libgcc.a(_exit.o)
 *(.fini0)
                0x00000ab2                _etext = .

.data           0x00800060       0xd4 load address 0x00000ab2
                0x00800060                PROVIDE (__data_start, .)
 *(.data)
 *(.data*)
 .data.u8y      0x00800060        0x1 _7amok4a_moves.o
                0x00800060                u8y
 .data.u8x      0x00800061        0x1 _7amok4a_moves.o
                0x00800061                u8x
 .data.gun_bullet
                0x00800062        0x8 _7amok4a_moves.o
                0x00800062                gun_bullet
 .data.gun_burst
                0x0080006a        0x8 _7amok4a_moves.o
                0x0080006a                gun_burst
 .data.gun      0x00800072        0x8 _7amok4a_moves.o
                0x00800072                gun
 .data.die_5_halo2
                0x0080007a        0x8 _7amok4a_moves.o
                0x0080007a                die_5_halo2
 .data.die_5_halo1
                0x00800082        0x8 _7amok4a_moves.o
                0x00800082                die_5_halo1
 .data.die_4    0x0080008a        0x8 _7amok4a_moves.o
                0x0080008a                die_4
 .data.die_3    0x00800092        0x8 _7amok4a_moves.o
                0x00800092                die_3
 .data.die_2    0x0080009a        0x8 _7amok4a_moves.o
                0x0080009a                die_2
 .data.die_1    0x008000a2        0x8 _7amok4a_moves.o
                0x008000a2                die_1
 .data.run_2    0x008000aa        0x8 _7amok4a_moves.o
                0x008000aa                run_2
 .data.run_1    0x008000b2        0x8 _7amok4a_moves.o
                0x008000b2                run_1
 .data.dance_4_HEAD_rev
                0x008000ba        0x8 _7amok4a_moves.o
                0x008000ba                dance_4_HEAD_rev
 .data.dance_4_HEAD
                0x008000c2        0x8 _7amok4a_moves.o
                0x008000c2                dance_4_HEAD
 .data.dance_3_rev
                0x008000ca        0x8 _7amok4a_moves.o
                0x008000ca                dance_3_rev
 .data.dance_3  0x008000d2        0x8 _7amok4a_moves.o
                0x008000d2                dance_3
 .data.dance_2_rev
                0x008000da        0x8 _7amok4a_moves.o
                0x008000da                dance_2_rev
 .data.dance_2  0x008000e2        0x8 _7amok4a_moves.o
                0x008000e2                dance_2
 .data.dance_1_rev
                0x008000ea        0x8 _7amok4a_moves.o
                0x008000ea                dance_1_rev
 .data.dance_1  0x008000f2        0x8 _7amok4a_moves.o
                0x008000f2                dance_1
 .data.hi_1_rev
                0x008000fa        0x8 _7amok4a_moves.o
                0x008000fa                hi_1_rev
 .data.hi_1     0x00800102        0x8 _7amok4a_moves.o
                0x00800102                hi_1
 *(.gnu.linkonce.d*)
 *(.rodata)
 *(.rodata*)
 .rodata.str1.1
                0x0080010a       0x29 _7amok4a_moves.o
 *(.gnu.linkonce.r*)
                0x00800134                . = ALIGN (0x2)
 *fill*         0x00800133        0x1 
                0x00800134                _edata = .
                0x00800134                PROVIDE (__data_end, .)

.bss            0x00800134        0x8
                0x00800134                PROVIDE (__bss_start, .)
 *(.bss)
 *(.bss*)
 .bss.empty_cursor
                0x00800134        0x8 _7amok4a_moves.o
                0x00800134                empty_cursor
 *(COMMON)
                0x0080013c                PROVIDE (__bss_end, .)
                0x00000ab2                __data_load_start = LOADADDR (.data)
                0x00000b86                __data_load_end = (__data_load_start + SIZEOF (.data))

.noinit         0x0080013c        0x0
                [!provide]                PROVIDE (__noinit_start, .)
 *(.noinit*)
                [!provide]                PROVIDE (__noinit_end, .)
                0x0080013c                _end = .
                [!provide]                PROVIDE (__heap_start, .)

.eeprom         0x00810000        0x0
 *(.eeprom*)
                0x00810000                __eeprom_end = .

.fuse
 *(.fuse)
 *(.lfuse)
 *(.hfuse)
 *(.efuse)

.lock
 *(.lock*)

.signature
 *(.signature*)

.user_signatures
 *(.user_signatures*)

.stab
 *(.stab)

.stabstr
 *(.stabstr)

.stab.excl
 *(.stab.excl)

.stab.exclstr
 *(.stab.exclstr)

.stab.index
 *(.stab.index)

.stab.indexstr
 *(.stab.indexstr)

.comment        0x00000000       0x30
 *(.comment)
 .comment       0x00000000       0x30 DIO_program.o
                                 0x31 (size before relaxing)
 .comment       0x00000030       0x31 Hello_LCD_7amok4a_main.o
 .comment       0x00000030       0x31 LCD_program.o
 .comment       0x00000030       0x31 _7amok4a_moves.o

.note.gnu.avr.deviceinfo
                0x00000000       0x3c
 .note.gnu.avr.deviceinfo
                0x00000000       0x3c C:/Program Files (x86)/Atmel/Studio/7.0/Packs/atmel/ATmega_DFP/1.7.374/gcc/dev/atmega32a/avr5/crtatmega32a.o

.note.gnu.build-id
 *(.note.gnu.build-id)

.debug
 *(.debug)

.line
 *(.line)

.debug_srcinfo
 *(.debug_srcinfo)

.debug_sfnames
 *(.debug_sfnames)

.debug_aranges  0x00000000       0xe8
 *(.debug_aranges)
 .debug_aranges
                0x00000000       0x30 DIO_program.o
 .debug_aranges
                0x00000030       0x20 Hello_LCD_7amok4a_main.o
 .debug_aranges
                0x00000050       0x48 LCD_program.o
 .debug_aranges
                0x00000098       0x50 _7amok4a_moves.o

.debug_pubnames
 *(.debug_pubnames)

.debug_info     0x00000000     0x2112
 *(.debug_info .gnu.linkonce.wi.*)
 .debug_info    0x00000000      0x4e6 C:/Program Files (x86)/Atmel/Studio/7.0/Packs/atmel/ATmega_DFP/1.7.374/gcc/dev/atmega32a/avr5/crtatmega32a.o
 .debug_info    0x000004e6      0x240 DIO_program.o
 .debug_info    0x00000726      0x2aa Hello_LCD_7amok4a_main.o
 .debug_info    0x000009d0      0x7e5 LCD_program.o
 .debug_info    0x000011b5      0xf5d _7amok4a_moves.o

.debug_abbrev   0x00000000      0x962
 *(.debug_abbrev)
 .debug_abbrev  0x00000000      0x4a3 C:/Program Files (x86)/Atmel/Studio/7.0/Packs/atmel/ATmega_DFP/1.7.374/gcc/dev/atmega32a/avr5/crtatmega32a.o
 .debug_abbrev  0x000004a3       0xb4 DIO_program.o
 .debug_abbrev  0x00000557       0xac Hello_LCD_7amok4a_main.o
 .debug_abbrev  0x00000603      0x186 LCD_program.o
 .debug_abbrev  0x00000789      0x1d9 _7amok4a_moves.o

.debug_line     0x00000000      0xce1
 *(.debug_line .debug_line.* .debug_line_end)
 .debug_line    0x00000000      0x116 C:/Program Files (x86)/Atmel/Studio/7.0/Packs/atmel/ATmega_DFP/1.7.374/gcc/dev/atmega32a/avr5/crtatmega32a.o
 .debug_line    0x00000116      0x244 DIO_program.o
 .debug_line    0x0000035a      0x132 Hello_LCD_7amok4a_main.o
 .debug_line    0x0000048c      0x329 LCD_program.o
 .debug_line    0x000007b5      0x52c _7amok4a_moves.o

.debug_frame    0x00000000      0x1ec
 *(.debug_frame)
 .debug_frame   0x00000000       0x44 DIO_program.o
 .debug_frame   0x00000044       0x34 Hello_LCD_7amok4a_main.o
 .debug_frame   0x00000078       0xb4 LCD_program.o
 .debug_frame   0x0000012c       0xc0 _7amok4a_moves.o

.debug_str      0x00000000      0x6c8
 *(.debug_str)
 .debug_str     0x00000000      0x196 C:/Program Files (x86)/Atmel/Studio/7.0/Packs/atmel/ATmega_DFP/1.7.374/gcc/dev/atmega32a/avr5/crtatmega32a.o
 .debug_str     0x00000196      0x235 DIO_program.o
                                0x24f (size before relaxing)
 .debug_str     0x000003cb       0xd3 Hello_LCD_7amok4a_main.o
                                0x288 (size before relaxing)
 .debug_str     0x0000049e      0x113 LCD_program.o
                                0x32f (size before relaxing)
 .debug_str     0x000005b1      0x117 _7amok4a_moves.o
                                0x3a5 (size before relaxing)

.debug_loc      0x00000000     0x13b4
 *(.debug_loc)
 .debug_loc     0x00000000      0x4f8 DIO_program.o
 .debug_loc     0x000004f8       0x66 Hello_LCD_7amok4a_main.o
 .debug_loc     0x0000055e      0x597 LCD_program.o
 .debug_loc     0x00000af5      0x8bf _7amok4a_moves.o

.debug_macinfo
 *(.debug_macinfo)

.debug_weaknames
 *(.debug_weaknames)

.debug_funcnames
 *(.debug_funcnames)

.debug_typenames
 *(.debug_typenames)

.debug_varnames
 *(.debug_varnames)

.debug_pubtypes
 *(.debug_pubtypes)

.debug_ranges   0x00000000       0xa8
 *(.debug_ranges)
 .debug_ranges  0x00000000       0x20 DIO_program.o
 .debug_ranges  0x00000020       0x10 Hello_LCD_7amok4a_main.o
 .debug_ranges  0x00000030       0x38 LCD_program.o
 .debug_ranges  0x00000068       0x40 _7amok4a_moves.o

.debug_macro
 *(.debug_macro)
OUTPUT(S15 lcd assignment 2 7amok4a.elf elf32-avr)
LOAD linker stubs
